Hello from Agent!